---
source: crates/core/tests/shimmer_test.rs
expression: "read_shim(&shim, sandbox.path())"
---
#!/usr/bin/env bash
set -e
[ -n "$PROTO_DEBUG" ] && set -x



exec proto run primary --bin "other/bin/path" -- --a -b "$@" ./file


