---
source: crates/cli/tests/outdated_test.rs
expression: "vec![fs::read_to_string(sandbox.path().join(\".proto/.prototools\")).unwrap(),\n    fs::read_to_string(sandbox.path().join(\"a/.prototools\")).unwrap(),\n    fs::read_to_string(sandbox.path().join(\"a/b/.prototools\")).unwrap(),]"
---
[
    "go = \"1.19.13\"\n",
    "node = \"20.12.1\"\n",
    "npm = \"9.9.3\"\n",
]
