---
source: crates/cli/tests/plugins_test.rs
expression: "fs::read_to_string(sandbox.path().join(\".proto/shims/registry.json\")).unwrap()"
---
{
  "bundle": {
    "alt_bin": true,
    "parent": "ruby"
  },
  "gem": {
    "alt_bin": true,
    "parent": "ruby"
  },
  "rake": {
    "alt_bin": true,
    "parent": "ruby"
  },
  "ruby": {}
}
