---
source: crates/cli/tests/plugins_test.rs
expression: "fs::read_to_string(sandbox.path().join(\".proto/shims/registry.json\")).unwrap()"
---
{
  "yarn": {},
  "node": {},
  "yarnpkg": {
    "alt_for": "yarn"
  }
}
