---
source: crates/cli/tests/plugins_test.rs
expression: "fs::read_to_string(sandbox.path().join(\".proto/shims/registry.json\")).unwrap()"
---
{
  "node": {},
  "node-gyp": {
    "alt_for": "npm"
  },
  "npm": {},
  "npx": {
    "alt_for": "npm"
  }
}
