---
source: crates/cli/tests/run_test.rs
expression: get_assert_output(&assert)
---
FROM_CONFIG = undefined
FROM_CONFIG_BOOL = undefined
FROM_PARENT = abc123
FROM_PARENT_REMOVED = undefined


