---
source: crates/cli/tests/run_test.rs
expression: get_assert_output(&assert)
---
FROM_CONFIG = xyz789
FROM_CONFIG_BOOL = undefined
FROM_PARENT = xyz789
FROM_PARENT_REMOVED = undefined


