---
source: crates/cli/tests/run_test.rs
expression: get_assert_output(&assert)
---
FIRST = abc
SECOND = 789
THIRD = value-abc-789-xyz
FOURTH = ignores-$FIRST-$PARENT


