---
source: crates/cli/tests/shim_test.rs
expression: get_assert_output(&assert)
---
start
running
stop


